[
	{"name":"aa", "nest": {"num":4, "sub":{"num":2}}},
	{"name":"bb", "nest": {"num":3, "sub":{"num":1}}},
	{"name":"cc", "nest": {"num":2, "sub":{"num":4}}},
	{"name":"dd", "nest": {"num":1, "sub":{"num":3}}}
]